

================================================================
== Vivado HLS Report for 'process_action'
================================================================
* Date:           Fri Oct 20 12:35:18 2017

* Version:        2016.4 (Build 1733598 on Wed Dec 14 22:59:20 MST 2016)
* Project:        hlsDataTransfer_xcku060-ffva1156-2-e
* Solution:       datatransfer
* Product family: kintexu
* Target device:  xcku060-ffva1156-2-e


================================================================
== Performance Estimates
================================================================
+ Timing (ns): 
    * Summary: 
    +--------+-------+----------+------------+
    |  Clock | Target| Estimated| Uncertainty|
    +--------+-------+----------+------------+
    |ap_clk  |   4.00|      3.50|        0.50|
    +--------+-------+----------+------------+

+ Latency (clock cycles): 
    * Summary: 
    +-----+-----+-----+-----+---------+
    |  Latency  |  Interval | Pipeline|
    | min | max | min | max |   Type  |
    +-----+-----+-----+-----+---------+
    |    1|   34|    1|   34|   none  |
    +-----+-----+-----+-----+---------+

    + Detail: 
        * Instance: 
        N/A

        * Loop: 
        N/A



================================================================
== Utilization Estimates
================================================================
* Summary: 
+-----------------+---------+-------+--------+--------+
|       Name      | BRAM_18K| DSP48E|   FF   |   LUT  |
+-----------------+---------+-------+--------+--------+
|DSP              |        -|      -|       -|       -|
|Expression       |        -|      -|       0|     128|
|FIFO             |        -|      -|       -|       -|
|Instance         |        -|     11|     456|     238|
|Memory           |        -|      -|       -|       -|
|Multiplexer      |        -|      -|       -|     209|
|Register         |        -|      -|     610|       -|
+-----------------+---------+-------+--------+--------+
|Total            |        0|     11|    1066|     575|
+-----------------+---------+-------+--------+--------+
|Available        |     2160|   2760|  663360|  331680|
+-----------------+---------+-------+--------+--------+
|Utilization (%)  |        0|   ~0  |   ~0   |   ~0   |
+-----------------+---------+-------+--------+--------+

+ Detail: 
    * Instance: 
    +-------------------------+----------------------+---------+-------+-----+-----+
    |         Instance        |        Module        | BRAM_18K| DSP48E|  FF | LUT |
    +-------------------------+----------------------+---------+-------+-----+-----+
    |hls_action_dmul_6bkb_U1  |hls_action_dmul_6bkb  |        0|     11|  456|  238|
    +-------------------------+----------------------+---------+-------+-----+-----+
    |Total                    |                      |        0|     11|  456|  238|
    +-------------------------+----------------------+---------+-------+-----+-----+

    * DSP48: 
    N/A

    * Memory: 
    N/A

    * FIFO: 
    N/A

    * Expression: 
    +----------------+----------+-------+---+----+------------+------------+
    |  Variable Name | Operation| DSP48E| FF| LUT| Bitwidth P0| Bitwidth P1|
    +----------------+----------+-------+---+----+------------+------------+
    |sum3_fu_214_p2  |     +    |      0|  0|  59|          59|          59|
    |sum_fu_204_p2   |     +    |      0|  0|  59|          59|          59|
    |icmp_fu_194_p2  |   icmp   |      0|  0|  10|          28|           1|
    +----------------+----------+-------+---+----+------------+------------+
    |Total           |          |      0|  0| 128|         146|         119|
    +----------------+----------+-------+---+----+------------+------------+

    * Multiplexer: 
    +-----------------------------------------+----+-----------+-----+-----------+
    |                   Name                  | LUT| Input Size| Bits| Total Bits|
    +-----------------------------------------+----+-----------+-----+-----------+
    |act_reg_Control_Retc_phi_fu_139_p4       |   2|          2|    2|          4|
    |act_reg_Control_Retc_reg_135             |   2|          2|    2|          4|
    |ap_NS_fsm                                |  66|         36|    1|         36|
    |ap_return                                |   3|          2|    3|          6|
    |ap_sig_ioackin_m_axi_din_gmem_V_ARREADY  |   1|          2|    1|          2|
    |ap_sig_ioackin_m_axi_din_gmem_V_AWREADY  |   1|          2|    1|          2|
    |ap_sig_ioackin_m_axi_din_gmem_V_WREADY   |   1|          2|    1|          2|
    |din_gmem_V_blk_n_AR                      |   1|          2|    1|          2|
    |din_gmem_V_blk_n_AW                      |   1|          2|    1|          2|
    |din_gmem_V_blk_n_B                       |   1|          2|    1|          2|
    |din_gmem_V_blk_n_R                       |   1|          2|    1|          2|
    |din_gmem_V_blk_n_W                       |   1|          2|    1|          2|
    |grp_fu_147_p0                            |  64|          3|   64|        192|
    |grp_fu_147_p1                            |  64|          3|   64|        192|
    +-----------------------------------------+----+-----------+-----+-----------+
    |Total                                    | 209|         64|  144|        450|
    +-----------------------------------------+----+-----------+-----+-----------+

    * Register: 
    +-----------------------------------------+-----+----+-----+-----------+
    |                   Name                  |  FF | LUT| Bits| Const Bits|
    +-----------------------------------------+-----+----+-----+-----------+
    |act_reg_Control_Retc_reg_135             |    2|   0|    9|          7|
    |ap_CS_fsm                                |   35|   0|   35|          0|
    |ap_reg_ioackin_m_axi_din_gmem_V_ARREADY  |    1|   0|    1|          0|
    |ap_reg_ioackin_m_axi_din_gmem_V_AWREADY  |    1|   0|    1|          0|
    |ap_reg_ioackin_m_axi_din_gmem_V_WREADY   |    1|   0|    1|          0|
    |ap_return_preg                           |    3|   0|    9|          6|
    |icmp_reg_310                             |    1|   0|    1|          0|
    |reg_151                                  |   64|   0|   64|          0|
    |sum3_reg_319                             |   59|   0|   59|          0|
    |sum_reg_314                              |   59|   0|   59|          0|
    |tmp_2_reg_345                            |  192|   0|  192|          0|
    |tmp_beta_reg_330                         |   64|   0|   64|          0|
    |tmp_gamma_reg_335                        |   64|   0|   64|          0|
    |tmp_theta_reg_340                        |   64|   0|   64|          0|
    +-----------------------------------------+-----+----+-----+-----------+
    |Total                                    |  610|   0|  623|         13|
    +-----------------------------------------+-----+----+-----+-----------+



================================================================
== Interface
================================================================
* Summary: 
+---------------------------+-----+-----+------------+----------------------+--------------+
|         RTL Ports         | Dir | Bits|  Protocol  |     Source Object    |    C Type    |
+---------------------------+-----+-----+------------+----------------------+--------------+
|ap_clk                     |  in |    1| ap_ctrl_hs |    process_action    | return value |
|ap_rst                     |  in |    1| ap_ctrl_hs |    process_action    | return value |
|ap_start                   |  in |    1| ap_ctrl_hs |    process_action    | return value |
|ap_done                    | out |    1| ap_ctrl_hs |    process_action    | return value |
|ap_idle                    | out |    1| ap_ctrl_hs |    process_action    | return value |
|ap_ready                   | out |    1| ap_ctrl_hs |    process_action    | return value |
|ap_return                  | out |    9| ap_ctrl_hs |    process_action    | return value |
|m_axi_din_gmem_V_AWVALID   | out |    1|    m_axi   |      din_gmem_V      |    pointer   |
|m_axi_din_gmem_V_AWREADY   |  in |    1|    m_axi   |      din_gmem_V      |    pointer   |
|m_axi_din_gmem_V_AWADDR    | out |   64|    m_axi   |      din_gmem_V      |    pointer   |
|m_axi_din_gmem_V_AWID      | out |    1|    m_axi   |      din_gmem_V      |    pointer   |
|m_axi_din_gmem_V_AWLEN     | out |   32|    m_axi   |      din_gmem_V      |    pointer   |
|m_axi_din_gmem_V_AWSIZE    | out |    3|    m_axi   |      din_gmem_V      |    pointer   |
|m_axi_din_gmem_V_AWBURST   | out |    2|    m_axi   |      din_gmem_V      |    pointer   |
|m_axi_din_gmem_V_AWLOCK    | out |    2|    m_axi   |      din_gmem_V      |    pointer   |
|m_axi_din_gmem_V_AWCACHE   | out |    4|    m_axi   |      din_gmem_V      |    pointer   |
|m_axi_din_gmem_V_AWPROT    | out |    3|    m_axi   |      din_gmem_V      |    pointer   |
|m_axi_din_gmem_V_AWQOS     | out |    4|    m_axi   |      din_gmem_V      |    pointer   |
|m_axi_din_gmem_V_AWREGION  | out |    4|    m_axi   |      din_gmem_V      |    pointer   |
|m_axi_din_gmem_V_AWUSER    | out |    1|    m_axi   |      din_gmem_V      |    pointer   |
|m_axi_din_gmem_V_WVALID    | out |    1|    m_axi   |      din_gmem_V      |    pointer   |
|m_axi_din_gmem_V_WREADY    |  in |    1|    m_axi   |      din_gmem_V      |    pointer   |
|m_axi_din_gmem_V_WDATA     | out |  512|    m_axi   |      din_gmem_V      |    pointer   |
|m_axi_din_gmem_V_WSTRB     | out |   64|    m_axi   |      din_gmem_V      |    pointer   |
|m_axi_din_gmem_V_WLAST     | out |    1|    m_axi   |      din_gmem_V      |    pointer   |
|m_axi_din_gmem_V_WID       | out |    1|    m_axi   |      din_gmem_V      |    pointer   |
|m_axi_din_gmem_V_WUSER     | out |    1|    m_axi   |      din_gmem_V      |    pointer   |
|m_axi_din_gmem_V_ARVALID   | out |    1|    m_axi   |      din_gmem_V      |    pointer   |
|m_axi_din_gmem_V_ARREADY   |  in |    1|    m_axi   |      din_gmem_V      |    pointer   |
|m_axi_din_gmem_V_ARADDR    | out |   64|    m_axi   |      din_gmem_V      |    pointer   |
|m_axi_din_gmem_V_ARID      | out |    1|    m_axi   |      din_gmem_V      |    pointer   |
|m_axi_din_gmem_V_ARLEN     | out |   32|    m_axi   |      din_gmem_V      |    pointer   |
|m_axi_din_gmem_V_ARSIZE    | out |    3|    m_axi   |      din_gmem_V      |    pointer   |
|m_axi_din_gmem_V_ARBURST   | out |    2|    m_axi   |      din_gmem_V      |    pointer   |
|m_axi_din_gmem_V_ARLOCK    | out |    2|    m_axi   |      din_gmem_V      |    pointer   |
|m_axi_din_gmem_V_ARCACHE   | out |    4|    m_axi   |      din_gmem_V      |    pointer   |
|m_axi_din_gmem_V_ARPROT    | out |    3|    m_axi   |      din_gmem_V      |    pointer   |
|m_axi_din_gmem_V_ARQOS     | out |    4|    m_axi   |      din_gmem_V      |    pointer   |
|m_axi_din_gmem_V_ARREGION  | out |    4|    m_axi   |      din_gmem_V      |    pointer   |
|m_axi_din_gmem_V_ARUSER    | out |    1|    m_axi   |      din_gmem_V      |    pointer   |
|m_axi_din_gmem_V_RVALID    |  in |    1|    m_axi   |      din_gmem_V      |    pointer   |
|m_axi_din_gmem_V_RREADY    | out |    1|    m_axi   |      din_gmem_V      |    pointer   |
|m_axi_din_gmem_V_RDATA     |  in |  512|    m_axi   |      din_gmem_V      |    pointer   |
|m_axi_din_gmem_V_RLAST     |  in |    1|    m_axi   |      din_gmem_V      |    pointer   |
|m_axi_din_gmem_V_RID       |  in |    1|    m_axi   |      din_gmem_V      |    pointer   |
|m_axi_din_gmem_V_RUSER     |  in |    1|    m_axi   |      din_gmem_V      |    pointer   |
|m_axi_din_gmem_V_RRESP     |  in |    2|    m_axi   |      din_gmem_V      |    pointer   |
|m_axi_din_gmem_V_BVALID    |  in |    1|    m_axi   |      din_gmem_V      |    pointer   |
|m_axi_din_gmem_V_BREADY    | out |    1|    m_axi   |      din_gmem_V      |    pointer   |
|m_axi_din_gmem_V_BRESP     |  in |    2|    m_axi   |      din_gmem_V      |    pointer   |
|m_axi_din_gmem_V_BID       |  in |    1|    m_axi   |      din_gmem_V      |    pointer   |
|m_axi_din_gmem_V_BUSER     |  in |    1|    m_axi   |      din_gmem_V      |    pointer   |
|din_gmem_V1                |  in |   58|   ap_none  |      din_gmem_V1     |    scalar    |
|dout_gmem_V3               |  in |   58|   ap_none  |     dout_gmem_V3     |    scalar    |
|act_reg_Data_in_addr       |  in |   64|   ap_none  | act_reg_Data_in_addr |    scalar    |
|act_reg_Data_in_size       |  in |   32|   ap_none  | act_reg_Data_in_size |    scalar    |
|act_reg_Data_out_add       |  in |   64|   ap_none  | act_reg_Data_out_add |    scalar    |
+---------------------------+-----+-----+------------+----------------------+--------------+

